interactions:
- request:
    body: null
    headers:
      Accept:
      - '*/*'
      Accept-Encoding:
      - gzip, deflate
      Connection:
      - keep-alive
      User-Agent:
      - sentinelsat/1.0.1
    method: GET
    uri: https://apihub.copernicus.eu/apihub/odata/v1/Products('2edae234-b02d-46d2-8915-823e4ec0eadb')?$format=json
  response:
    body:
      string: '{"d":{"__metadata":{"id":"https://apihub.copernicus.eu/apihub/odata/v1/Products(''2edae234-b02d-46d2-8915-823e4ec0eadb'')","uri":"https://apihub.copernicus.eu/apihub/odata/v1/Products(''2edae234-b02d-46d2-8915-823e4ec0eadb'')","type":"DHuS.Product","content_type":"application/octet-stream","media_src":"https://apihub.copernicus.eu/apihub/odata/v1/Products(''2edae234-b02d-46d2-8915-823e4ec0eadb'')/$value","edit_media":"https://apihub.copernicus.eu/apihub/odata/v1/Products(''2edae234-b02d-46d2-8915-823e4ec0eadb'')/$value"},"Id":"2edae234-b02d-46d2-8915-823e4ec0eadb","Name":"S3B_SR_1_SRA____20210720T194442_20210720T194500_20210720T214156_0017_055_028______LN3_O_NR_004","ContentType":"application/octet-stream","ContentLength":"447106","ChildrenNumber":"0","Value":null,"CreationDate":"\/Date(1626978300430)\/","IngestionDate":"\/Date(1626978240842)\/","ModificationDate":"\/Date(1626978300430)\/","EvictionDate":null,"Online":true,"OnDemand":false,"ContentDate":{"__metadata":{"type":"DHuS.TimeRange"},"Start":"\/Date(1626810282480)\/","End":"\/Date(1626810300259)\/"},"Checksum":{"__metadata":{"type":"DHuS.Checksum"},"Algorithm":"MD5","Value":"a0377743199276ccab05e691822ad603"},"ContentGeometry":"<gml:Polygon
        srsName=\"http://www.opengis.net/gml/srs/epsg.xml#4326\" xmlns:gml=\"http://www.opengis.net/gml\">\n   <gml:outerBoundaryIs>\n      <gml:LinearRing>\n         <gml:coordinates>64.5397,15.4142
        65.1997,14.7813 65.8572,14.1188 65.8565,14.1147 65.199,14.7774 64.5391,15.4103
        64.5397,15.4142</gml:coordinates>\n      </gml:LinearRing>\n   </gml:outerBoundaryIs>\n</gml:Polygon>","Products":{"__deferred":{"uri":"https://apihub.copernicus.eu/apihub/odata/v1/Products(''2edae234-b02d-46d2-8915-823e4ec0eadb'')/Products"}},"Nodes":{"__deferred":{"uri":"https://apihub.copernicus.eu/apihub/odata/v1/Products(''2edae234-b02d-46d2-8915-823e4ec0eadb'')/Nodes"}},"Attributes":{"__deferred":{"uri":"https://apihub.copernicus.eu/apihub/odata/v1/Products(''2edae234-b02d-46d2-8915-823e4ec0eadb'')/Attributes"}},"Class":{"__deferred":{"uri":"https://apihub.copernicus.eu/apihub/odata/v1/Products(''2edae234-b02d-46d2-8915-823e4ec0eadb'')/Class"}}}}'
    headers:
      content-length:
      - '2134'
      content-type:
      - application/json
      dataserviceversion:
      - '2.0'
      pragma:
      - no-cache
      server:
      - Apache-Coyote/1.1
      vary:
      - Accept-Encoding
    status:
      code: 200
      message: OK
- request:
    body: null
    headers:
      Accept:
      - '*/*'
      Accept-Encoding:
      - gzip, deflate
      Connection:
      - keep-alive
      User-Agent:
      - sentinelsat/1.0.1
    method: HEAD
    uri: https://apihub.copernicus.eu/apihub/odata/v1/Products('2edae234-b02d-46d2-8915-823e4ec0eadb')/$value
  response:
    body:
      string: ''
    headers:
      accept-ranges:
      - bytes
      content-disposition:
      - inline;filename="S3B_SR_1_SRA____20210720T194442_20210720T194500_20210720T214156_0017_055_028______LN3_O_NR_004.zip"
      content-length:
      - '447106'
      content-range:
      - bytes 0-447105/447106
      content-type:
      - application/octet-stream
      dataserviceversion:
      - '2.0'
      etag:
      - a0377743199276ccab05e691822ad603
      pragma:
      - no-cache
      server:
      - Apache-Coyote/1.1
    status:
      code: 200
      message: OK
- request:
    body: null
    headers:
      Accept:
      - '*/*'
      Accept-Encoding:
      - gzip, deflate
      Connection:
      - keep-alive
      User-Agent:
      - sentinelsat/1.0.1
    method: GET
    uri: https://apihub.copernicus.eu/apihub/odata/v1/Products('2edae234-b02d-46d2-8915-823e4ec0eadb')/Online/$value
  response:
    body:
      string: 'true'
    headers:
      content-length:
      - '4'
      content-type:
      - text/plain;charset=utf-8
      dataserviceversion:
      - '2.0'
      pragma:
      - no-cache
      server:
      - Apache-Coyote/1.1
    status:
      code: 200
      message: OK
- request:
    body: null
    headers:
      Accept:
      - '*/*'
      Accept-Encoding:
      - gzip, deflate
      Connection:
      - keep-alive
      User-Agent:
      - sentinelsat/1.0.1
    method: GET
    uri: https://apihub.copernicus.eu/apihub/odata/v1/Products('2edae234-b02d-46d2-8915-823e4ec0eadb')/$value
  response:
    body: {}
    headers:
      accept-ranges:
      - bytes
      content-disposition:
      - inline;filename="S3B_SR_1_SRA____20210720T194442_20210720T194500_20210720T214156_0017_055_028______LN3_O_NR_004.zip"
      content-length:
      - '447106'
      content-range:
      - bytes 0-447105/447106
      content-type:
      - application/octet-stream
      dataserviceversion:
      - '2.0'
      etag:
      - a0377743199276ccab05e691822ad603
      pragma:
      - no-cache
      server:
      - Apache-Coyote/1.1
    status:
      code: 200
      message: OK
- request:
    body: null
    headers:
      Accept:
      - '*/*'
      Accept-Encoding:
      - gzip, deflate
      Connection:
      - keep-alive
      User-Agent:
      - sentinelsat/1.0.1
    method: GET
    uri: https://apihub.copernicus.eu/apihub/odata/v1/Products('63b9e6c2-bac5-47d3-a4d4-bc57be31e6cd')?$format=json
  response:
    body:
      string: '{"d":{"__metadata":{"id":"https://apihub.copernicus.eu/apihub/odata/v1/Products(''63b9e6c2-bac5-47d3-a4d4-bc57be31e6cd'')","uri":"https://apihub.copernicus.eu/apihub/odata/v1/Products(''63b9e6c2-bac5-47d3-a4d4-bc57be31e6cd'')","type":"DHuS.Product","content_type":"application/octet-stream","media_src":"https://apihub.copernicus.eu/apihub/odata/v1/Products(''63b9e6c2-bac5-47d3-a4d4-bc57be31e6cd'')/$value","edit_media":"https://apihub.copernicus.eu/apihub/odata/v1/Products(''63b9e6c2-bac5-47d3-a4d4-bc57be31e6cd'')/$value"},"Id":"63b9e6c2-bac5-47d3-a4d4-bc57be31e6cd","Name":"S3B_SR_1_SRA____20210720T112514_20210720T112540_20210720T133004_0025_055_023______LN3_O_NR_004","ContentType":"application/octet-stream","ContentLength":"577597","ChildrenNumber":"0","Value":null,"CreationDate":"\/Date(1626955325018)\/","IngestionDate":"\/Date(1626955200851)\/","ModificationDate":"\/Date(1626955325018)\/","EvictionDate":null,"Online":true,"OnDemand":false,"ContentDate":{"__metadata":{"type":"DHuS.TimeRange"},"Start":"\/Date(1626780314344)\/","End":"\/Date(1626780340296)\/"},"Checksum":{"__metadata":{"type":"DHuS.Checksum"},"Algorithm":"MD5","Value":"3da759decc87f5eede700a2252f59460"},"ContentGeometry":"<gml:Polygon
        srsName=\"http://www.opengis.net/gml/srs/epsg.xml#4326\" xmlns:gml=\"http://www.opengis.net/gml\">\n   <gml:outerBoundaryIs>\n      <gml:LinearRing>\n         <gml:coordinates>80.2597,97.2089
        80.6679,91.9953 80.9958,86.3638 80.9941,86.3603 80.6662,91.991 80.2581,97.204
        80.2597,97.2089</gml:coordinates>\n      </gml:LinearRing>\n   </gml:outerBoundaryIs>\n</gml:Polygon>","Products":{"__deferred":{"uri":"https://apihub.copernicus.eu/apihub/odata/v1/Products(''63b9e6c2-bac5-47d3-a4d4-bc57be31e6cd'')/Products"}},"Nodes":{"__deferred":{"uri":"https://apihub.copernicus.eu/apihub/odata/v1/Products(''63b9e6c2-bac5-47d3-a4d4-bc57be31e6cd'')/Nodes"}},"Attributes":{"__deferred":{"uri":"https://apihub.copernicus.eu/apihub/odata/v1/Products(''63b9e6c2-bac5-47d3-a4d4-bc57be31e6cd'')/Attributes"}},"Class":{"__deferred":{"uri":"https://apihub.copernicus.eu/apihub/odata/v1/Products(''63b9e6c2-bac5-47d3-a4d4-bc57be31e6cd'')/Class"}}}}'
    headers:
      content-length:
      - '2133'
      content-type:
      - application/json
      dataserviceversion:
      - '2.0'
      pragma:
      - no-cache
      server:
      - Apache-Coyote/1.1
      vary:
      - Accept-Encoding
    status:
      code: 200
      message: OK
- request:
    body: null
    headers:
      Accept:
      - '*/*'
      Accept-Encoding:
      - gzip, deflate
      Connection:
      - keep-alive
      User-Agent:
      - sentinelsat/1.0.1
    method: HEAD
    uri: https://apihub.copernicus.eu/apihub/odata/v1/Products('63b9e6c2-bac5-47d3-a4d4-bc57be31e6cd')/$value
  response:
    body:
      string: ''
    headers:
      accept-ranges:
      - bytes
      content-disposition:
      - inline;filename="S3B_SR_1_SRA____20210720T112514_20210720T112540_20210720T133004_0025_055_023______LN3_O_NR_004.zip"
      content-length:
      - '577597'
      content-range:
      - bytes 0-577596/577597
      content-type:
      - application/octet-stream
      dataserviceversion:
      - '2.0'
      etag:
      - 3da759decc87f5eede700a2252f59460
      pragma:
      - no-cache
      server:
      - Apache-Coyote/1.1
    status:
      code: 200
      message: OK
- request:
    body: null
    headers:
      Accept:
      - '*/*'
      Accept-Encoding:
      - gzip, deflate
      Connection:
      - keep-alive
      User-Agent:
      - sentinelsat/1.0.1
    method: GET
    uri: https://apihub.copernicus.eu/apihub/odata/v1/Products('2edae234-b02d-46d2-8915-823e4ec0eadb')?$format=json
  response:
    body:
      string: '{"d":{"__metadata":{"id":"https://apihub.copernicus.eu/apihub/odata/v1/Products(''2edae234-b02d-46d2-8915-823e4ec0eadb'')","uri":"https://apihub.copernicus.eu/apihub/odata/v1/Products(''2edae234-b02d-46d2-8915-823e4ec0eadb'')","type":"DHuS.Product","content_type":"application/octet-stream","media_src":"https://apihub.copernicus.eu/apihub/odata/v1/Products(''2edae234-b02d-46d2-8915-823e4ec0eadb'')/$value","edit_media":"https://apihub.copernicus.eu/apihub/odata/v1/Products(''2edae234-b02d-46d2-8915-823e4ec0eadb'')/$value"},"Id":"2edae234-b02d-46d2-8915-823e4ec0eadb","Name":"S3B_SR_1_SRA____20210720T194442_20210720T194500_20210720T214156_0017_055_028______LN3_O_NR_004","ContentType":"application/octet-stream","ContentLength":"447106","ChildrenNumber":"0","Value":null,"CreationDate":"\/Date(1626978300430)\/","IngestionDate":"\/Date(1626978240842)\/","ModificationDate":"\/Date(1626978300430)\/","EvictionDate":null,"Online":true,"OnDemand":false,"ContentDate":{"__metadata":{"type":"DHuS.TimeRange"},"Start":"\/Date(1626810282480)\/","End":"\/Date(1626810300259)\/"},"Checksum":{"__metadata":{"type":"DHuS.Checksum"},"Algorithm":"MD5","Value":"a0377743199276ccab05e691822ad603"},"ContentGeometry":"<gml:Polygon
        srsName=\"http://www.opengis.net/gml/srs/epsg.xml#4326\" xmlns:gml=\"http://www.opengis.net/gml\">\n   <gml:outerBoundaryIs>\n      <gml:LinearRing>\n         <gml:coordinates>64.5397,15.4142
        65.1997,14.7813 65.8572,14.1188 65.8565,14.1147 65.199,14.7774 64.5391,15.4103
        64.5397,15.4142</gml:coordinates>\n      </gml:LinearRing>\n   </gml:outerBoundaryIs>\n</gml:Polygon>","Products":{"__deferred":{"uri":"https://apihub.copernicus.eu/apihub/odata/v1/Products(''2edae234-b02d-46d2-8915-823e4ec0eadb'')/Products"}},"Nodes":{"__deferred":{"uri":"https://apihub.copernicus.eu/apihub/odata/v1/Products(''2edae234-b02d-46d2-8915-823e4ec0eadb'')/Nodes"}},"Attributes":{"__deferred":{"uri":"https://apihub.copernicus.eu/apihub/odata/v1/Products(''2edae234-b02d-46d2-8915-823e4ec0eadb'')/Attributes"}},"Class":{"__deferred":{"uri":"https://apihub.copernicus.eu/apihub/odata/v1/Products(''2edae234-b02d-46d2-8915-823e4ec0eadb'')/Class"}}}}'
    headers:
      content-length:
      - '2134'
      content-type:
      - application/json
      dataserviceversion:
      - '2.0'
      pragma:
      - no-cache
      server:
      - Apache-Coyote/1.1
      vary:
      - Accept-Encoding
    status:
      code: 200
      message: OK
- request:
    body: null
    headers:
      Accept:
      - '*/*'
      Accept-Encoding:
      - gzip, deflate
      Connection:
      - keep-alive
      User-Agent:
      - sentinelsat/1.0.1
    method: HEAD
    uri: https://apihub.copernicus.eu/apihub/odata/v1/Products('2edae234-b02d-46d2-8915-823e4ec0eadb')/$value
  response:
    body:
      string: ''
    headers:
      accept-ranges:
      - bytes
      content-disposition:
      - inline;filename="S3B_SR_1_SRA____20210720T194442_20210720T194500_20210720T214156_0017_055_028______LN3_O_NR_004.zip"
      content-length:
      - '447106'
      content-range:
      - bytes 0-447105/447106
      content-type:
      - application/octet-stream
      dataserviceversion:
      - '2.0'
      etag:
      - a0377743199276ccab05e691822ad603
      pragma:
      - no-cache
      server:
      - Apache-Coyote/1.1
    status:
      code: 200
      message: OK
- request:
    body: null
    headers:
      Accept:
      - '*/*'
      Accept-Encoding:
      - gzip, deflate
      Connection:
      - keep-alive
      User-Agent:
      - sentinelsat/1.0.1
    method: GET
    uri: https://apihub.copernicus.eu/apihub/odata/v1/Products('541b23d7-5e38-42c1-9989-223af2dd5584')?$format=json
  response:
    body:
      string: '{"d":{"__metadata":{"id":"https://apihub.copernicus.eu/apihub/odata/v1/Products(''541b23d7-5e38-42c1-9989-223af2dd5584'')","uri":"https://apihub.copernicus.eu/apihub/odata/v1/Products(''541b23d7-5e38-42c1-9989-223af2dd5584'')","type":"DHuS.Product","content_type":"application/octet-stream","media_src":"https://apihub.copernicus.eu/apihub/odata/v1/Products(''541b23d7-5e38-42c1-9989-223af2dd5584'')/$value","edit_media":"https://apihub.copernicus.eu/apihub/odata/v1/Products(''541b23d7-5e38-42c1-9989-223af2dd5584'')/$value"},"Id":"541b23d7-5e38-42c1-9989-223af2dd5584","Name":"S3A_SR_1_SRA____20210721T113825_20210721T113845_20210721T133543_0019_074_180______LN3_O_NR_004","ContentType":"application/octet-stream","ContentLength":"474673","ChildrenNumber":"0","Value":null,"CreationDate":"\/Date(1626974760773)\/","IngestionDate":"\/Date(1626974642797)\/","ModificationDate":"\/Date(1626974760773)\/","EvictionDate":null,"Online":true,"OnDemand":false,"ContentDate":{"__metadata":{"type":"DHuS.TimeRange"},"Start":"\/Date(1626867505362)\/","End":"\/Date(1626867525293)\/"},"Checksum":{"__metadata":{"type":"DHuS.Checksum"},"Algorithm":"MD5","Value":"435743740099b2a17340ec7a95c1f6b5"},"ContentGeometry":"<gml:Polygon
        srsName=\"http://www.opengis.net/gml/srs/epsg.xml#4326\" xmlns:gml=\"http://www.opengis.net/gml\">\n   <gml:outerBoundaryIs>\n      <gml:LinearRing>\n         <gml:coordinates>80.2379,94.2248
        80.5786,90.0452 80.868,85.5831 80.8663,85.5793 80.577,90.0407 80.2363,94.2198
        80.2379,94.2248</gml:coordinates>\n      </gml:LinearRing>\n   </gml:outerBoundaryIs>\n</gml:Polygon>","Products":{"__deferred":{"uri":"https://apihub.copernicus.eu/apihub/odata/v1/Products(''541b23d7-5e38-42c1-9989-223af2dd5584'')/Products"}},"Nodes":{"__deferred":{"uri":"https://apihub.copernicus.eu/apihub/odata/v1/Products(''541b23d7-5e38-42c1-9989-223af2dd5584'')/Nodes"}},"Attributes":{"__deferred":{"uri":"https://apihub.copernicus.eu/apihub/odata/v1/Products(''541b23d7-5e38-42c1-9989-223af2dd5584'')/Attributes"}},"Class":{"__deferred":{"uri":"https://apihub.copernicus.eu/apihub/odata/v1/Products(''541b23d7-5e38-42c1-9989-223af2dd5584'')/Class"}}}}'
    headers:
      content-length:
      - '2133'
      content-type:
      - application/json
      dataserviceversion:
      - '2.0'
      pragma:
      - no-cache
      server:
      - Apache-Coyote/1.1
      vary:
      - Accept-Encoding
    status:
      code: 200
      message: OK
- request:
    body: null
    headers:
      Accept:
      - '*/*'
      Accept-Encoding:
      - gzip, deflate
      Connection:
      - keep-alive
      User-Agent:
      - sentinelsat/1.0.1
    method: HEAD
    uri: https://apihub.copernicus.eu/apihub/odata/v1/Products('541b23d7-5e38-42c1-9989-223af2dd5584')/$value
  response:
    body:
      string: ''
    headers:
      accept-ranges:
      - bytes
      content-disposition:
      - inline;filename="S3A_SR_1_SRA____20210721T113825_20210721T113845_20210721T133543_0019_074_180______LN3_O_NR_004.zip"
      content-length:
      - '474673'
      content-range:
      - bytes 0-474672/474673
      content-type:
      - application/octet-stream
      dataserviceversion:
      - '2.0'
      etag:
      - 435743740099b2a17340ec7a95c1f6b5
      pragma:
      - no-cache
      server:
      - Apache-Coyote/1.1
    status:
      code: 200
      message: OK
- request:
    body: null
    headers:
      Accept:
      - '*/*'
      Accept-Encoding:
      - gzip, deflate
      Connection:
      - keep-alive
      User-Agent:
      - sentinelsat/1.0.1
    method: GET
    uri: https://apihub.copernicus.eu/apihub/search?format=json&rows=100&start=0&q=identifier%3A%22S3B_SR_1_SRA____20210720T194442_20210720T194500_20210720T214156_0017_055_028______LN3_O_NR_004%22
  response:
    body:
      string: '{"feed":{"xmlns:opensearch":"http://a9.com/-/spec/opensearch/1.1/","xmlns":"http://www.w3.org/2005/Atom","title":"Sentinels
        Scientific Data Hub search results for: identifier:\"S3B_SR_1_SRA____20210720T194442_20210720T194500_20210720T214156_0017_055_028______LN3_O_NR_004\"","subtitle":"Displaying
        1 results. Request done in ... seconds.","updated":"...","author":{"name":"Sentinels
        Scientific Data Hub"},"id":"https://apihub.copernicus.eu/apihub/search?q=identifier:\"S3B_SR_1_SRA____20210720T194442_20210720T194500_20210720T214156_0017_055_028______LN3_O_NR_004\"","opensearch:totalResults":"1","opensearch:startIndex":"0","opensearch:itemsPerPage":"100","opensearch:Query":{"role":"request","searchTerms":"identifier:\"S3B_SR_1_SRA____20210720T194442_20210720T194500_20210720T214156_0017_055_028______LN3_O_NR_004\"","startPage":"1"},"link":[{"rel":"self","type":"application/json","href":"https://apihub.copernicus.eu/apihub/search?q=identifier:\"S3B_SR_1_SRA____20210720T194442_20210720T194500_20210720T214156_0017_055_028______LN3_O_NR_004\"&start=0&rows=100&format=json"},{"rel":"first","type":"application/json","href":"https://apihub.copernicus.eu/apihub/search?q=identifier:\"S3B_SR_1_SRA____20210720T194442_20210720T194500_20210720T214156_0017_055_028______LN3_O_NR_004\"&start=0&rows=100&format=json"},{"rel":"last","type":"application/json","href":"https://apihub.copernicus.eu/apihub/search?q=identifier:\"S3B_SR_1_SRA____20210720T194442_20210720T194500_20210720T214156_0017_055_028______LN3_O_NR_004\"&start=0&rows=100&format=json"},{"rel":"search","type":"application/opensearchdescription+xml","href":"opensearch_description.xml"}],"entry":{"title":"S3B_SR_1_SRA____20210720T194442_20210720T194500_20210720T214156_0017_055_028______LN3_O_NR_004","link":[{"href":"https://apihub.copernicus.eu/apihub/odata/v1/Products(''2edae234-b02d-46d2-8915-823e4ec0eadb'')/$value"},{"rel":"alternative","href":"https://apihub.copernicus.eu/apihub/odata/v1/Products(''2edae234-b02d-46d2-8915-823e4ec0eadb'')/"},{"rel":"icon","href":"https://apihub.copernicus.eu/apihub/odata/v1/Products(''2edae234-b02d-46d2-8915-823e4ec0eadb'')/Products(''Quicklook'')/$value"}],"id":"2edae234-b02d-46d2-8915-823e4ec0eadb","summary":"Date:
        2021-07-20T19:44:42.48Z, Instrument: SRAL, Satellite: Sentinel-3, Size: 849.68
        KB","ondemand":"false","date":[{"name":"beginposition","content":"2021-07-20T19:44:42.48Z"},{"name":"endposition","content":"2021-07-20T19:45:00.259Z"},{"name":"creationdate","content":"2021-07-20T21:41:56Z"},{"name":"ingestiondate","content":"2021-07-22T18:24:00.842Z"}],"int":[{"name":"lrmpercentage","content":"0"},{"name":"sarpercentage","content":"100"},{"name":"closedseapercentage","content":"2"},{"name":"continentalicepercentage","content":"0"},{"name":"landpercentage","content":"97"},{"name":"openseapercentage","content":"0"},{"name":"relativeorbitnumber","content":"28"},{"name":"orbitnumber","content":"16855"}],"str":[{"name":"filename","content":"S3B_SR_1_SRA____20210720T194442_20210720T194500_20210720T214156_0017_055_028______LN3_O_NR_004.SEN3"},{"name":"format","content":"SAFE"},{"name":"identifier","content":"S3B_SR_1_SRA____20210720T194442_20210720T194500_20210720T214156_0017_055_028______LN3_O_NR_004"},{"name":"instrumentshortname","content":"SRAL"},{"name":"sensoroperationalmode","content":"Earth
        Observation"},{"name":"instrumentname","content":"Sar Radar ALtimeter"},{"name":"mode","content":"EO"},{"name":"platformidentifier","content":"2018-039A"},{"name":"onlinequalitycheck","content":"PASSED"},{"name":"orbitdirection","content":"ascending"},{"name":"pduduration","content":"17"},{"name":"passnumber","content":"33709"},{"name":"passdirection","content":"ascending"},{"name":"procfacilityname","content":"Land
        Surface Topography Mission Processing and Archiving Centre [LN3]"},{"name":"procfacilityorg","content":"European
        Space Agency"},{"name":"processinglevel","content":"1"},{"name":"processingname","content":"Data
        Processing"},{"name":"productlevel","content":"L1"},{"name":"producttype","content":"SR_1_SRA___"},{"name":"relorbitdir","content":"ascending"},{"name":"relpassnumber","content":"55"},{"name":"relpassdirection","content":"ascending"},{"name":"platformname","content":"Sentinel-3"},{"name":"size","content":"849.68
        KB"},{"name":"timeliness","content":"Near Real Time"},{"name":"gmlfootprint","content":"<gml:Polygon
        srsName=\"http://www.opengis.net/gml/srs/epsg.xml#4326\" xmlns:gml=\"http://www.opengis.net/gml\">\n   <gml:outerBoundaryIs>\n      <gml:LinearRing>\n         <gml:coordinates>64.5397,15.4142
        65.1997,14.7813 65.8572,14.1188 65.8565,14.1147 65.199,14.7774 64.5391,15.4103
        64.5397,15.4142</gml:coordinates>\n      </gml:LinearRing>\n   </gml:outerBoundaryIs>\n</gml:Polygon>"},{"name":"footprint","content":"MULTIPOLYGON
        (((15.4103 64.5391, 15.4142 64.5397, 14.7813 65.1997, 14.1188 65.8572, 14.1147
        65.8565, 14.7774 65.199, 15.4103 64.5391)))"},{"name":"uuid","content":"2edae234-b02d-46d2-8915-823e4ec0eadb"}]}}}'
    headers:
      content-length:
      - '4980'
      content-type:
      - application/json
      pragma:
      - no-cache
      server:
      - Apache-Coyote/1.1
      vary:
      - Accept-Encoding
    status:
      code: 200
      message: OK
- request:
    body: null
    headers:
      Accept:
      - '*/*'
      Accept-Encoding:
      - gzip, deflate
      Connection:
      - keep-alive
      User-Agent:
      - sentinelsat/1.0.1
    method: GET
    uri: https://apihub.copernicus.eu/apihub/search?format=json&rows=100&start=0&q=identifier%3A%22S3A_SR_1_SRA____20210721T113825_20210721T113845_20210721T133543_0019_074_180______LN3_O_NR_004%22
  response:
    body:
      string: '{"feed":{"xmlns:opensearch":"http://a9.com/-/spec/opensearch/1.1/","xmlns":"http://www.w3.org/2005/Atom","title":"Sentinels
        Scientific Data Hub search results for: identifier:\"S3A_SR_1_SRA____20210721T113825_20210721T113845_20210721T133543_0019_074_180______LN3_O_NR_004\"","subtitle":"Displaying
        1 results. Request done in ... seconds.","updated":"...","author":{"name":"Sentinels
        Scientific Data Hub"},"id":"https://apihub.copernicus.eu/apihub/search?q=identifier:\"S3A_SR_1_SRA____20210721T113825_20210721T113845_20210721T133543_0019_074_180______LN3_O_NR_004\"","opensearch:totalResults":"1","opensearch:startIndex":"0","opensearch:itemsPerPage":"100","opensearch:Query":{"role":"request","searchTerms":"identifier:\"S3A_SR_1_SRA____20210721T113825_20210721T113845_20210721T133543_0019_074_180______LN3_O_NR_004\"","startPage":"1"},"link":[{"rel":"self","type":"application/json","href":"https://apihub.copernicus.eu/apihub/search?q=identifier:\"S3A_SR_1_SRA____20210721T113825_20210721T113845_20210721T133543_0019_074_180______LN3_O_NR_004\"&start=0&rows=100&format=json"},{"rel":"first","type":"application/json","href":"https://apihub.copernicus.eu/apihub/search?q=identifier:\"S3A_SR_1_SRA____20210721T113825_20210721T113845_20210721T133543_0019_074_180______LN3_O_NR_004\"&start=0&rows=100&format=json"},{"rel":"last","type":"application/json","href":"https://apihub.copernicus.eu/apihub/search?q=identifier:\"S3A_SR_1_SRA____20210721T113825_20210721T113845_20210721T133543_0019_074_180______LN3_O_NR_004\"&start=0&rows=100&format=json"},{"rel":"search","type":"application/opensearchdescription+xml","href":"opensearch_description.xml"}],"entry":{"title":"S3A_SR_1_SRA____20210721T113825_20210721T113845_20210721T133543_0019_074_180______LN3_O_NR_004","link":[{"href":"https://apihub.copernicus.eu/apihub/odata/v1/Products(''541b23d7-5e38-42c1-9989-223af2dd5584'')/$value"},{"rel":"alternative","href":"https://apihub.copernicus.eu/apihub/odata/v1/Products(''541b23d7-5e38-42c1-9989-223af2dd5584'')/"},{"rel":"icon","href":"https://apihub.copernicus.eu/apihub/odata/v1/Products(''541b23d7-5e38-42c1-9989-223af2dd5584'')/Products(''Quicklook'')/$value"}],"id":"541b23d7-5e38-42c1-9989-223af2dd5584","summary":"Date:
        2021-07-21T11:38:25.362Z, Instrument: SRAL, Satellite: Sentinel-3, Size: 878.05
        KB","ondemand":"false","date":[{"name":"beginposition","content":"2021-07-21T11:38:25.362Z"},{"name":"endposition","content":"2021-07-21T11:38:45.293Z"},{"name":"creationdate","content":"2021-07-21T13:35:43Z"},{"name":"ingestiondate","content":"2021-07-22T17:24:02.797Z"}],"int":[{"name":"lrmpercentage","content":"0"},{"name":"sarpercentage","content":"100"},{"name":"closedseapercentage","content":"0"},{"name":"continentalicepercentage","content":"2"},{"name":"landpercentage","content":"22"},{"name":"openseapercentage","content":"74"},{"name":"relativeorbitnumber","content":"180"},{"name":"orbitnumber","content":"28258"}],"str":[{"name":"filename","content":"S3A_SR_1_SRA____20210721T113825_20210721T113845_20210721T133543_0019_074_180______LN3_O_NR_004.SEN3"},{"name":"format","content":"SAFE"},{"name":"identifier","content":"S3A_SR_1_SRA____20210721T113825_20210721T113845_20210721T133543_0019_074_180______LN3_O_NR_004"},{"name":"instrumentshortname","content":"SRAL"},{"name":"sensoroperationalmode","content":"Earth
        Observation"},{"name":"instrumentname","content":"Sar Radar ALtimeter"},{"name":"mode","content":"EO"},{"name":"platformidentifier","content":"2016-011A"},{"name":"onlinequalitycheck","content":"PASSED"},{"name":"orbitdirection","content":"ascending"},{"name":"pduduration","content":"19"},{"name":"passnumber","content":"56515"},{"name":"passdirection","content":"ascending"},{"name":"procfacilityname","content":"Land
        Surface Topography Mission Processing and Archiving Centre [LN3]"},{"name":"procfacilityorg","content":"European
        Space Agency"},{"name":"processinglevel","content":"1"},{"name":"processingname","content":"Data
        Processing"},{"name":"productlevel","content":"L1"},{"name":"producttype","content":"SR_1_SRA___"},{"name":"relorbitdir","content":"ascending"},{"name":"relpassnumber","content":"359"},{"name":"relpassdirection","content":"ascending"},{"name":"platformname","content":"Sentinel-3"},{"name":"size","content":"878.05
        KB"},{"name":"timeliness","content":"Near Real Time"},{"name":"gmlfootprint","content":"<gml:Polygon
        srsName=\"http://www.opengis.net/gml/srs/epsg.xml#4326\" xmlns:gml=\"http://www.opengis.net/gml\">\n   <gml:outerBoundaryIs>\n      <gml:LinearRing>\n         <gml:coordinates>80.2379,94.2248
        80.5786,90.0452 80.868,85.5831 80.8663,85.5793 80.577,90.0407 80.2363,94.2198
        80.2379,94.2248</gml:coordinates>\n      </gml:LinearRing>\n   </gml:outerBoundaryIs>\n</gml:Polygon>"},{"name":"footprint","content":"MULTIPOLYGON
        (((94.2198 80.2363, 94.2248 80.2379, 90.0452 80.5786, 85.5831 80.868, 85.5793
        80.8663, 90.0407 80.577, 94.2198 80.2363)))"},{"name":"uuid","content":"541b23d7-5e38-42c1-9989-223af2dd5584"}]}}}'
    headers:
      content-length:
      - '4983'
      content-type:
      - application/json
      pragma:
      - no-cache
      server:
      - Apache-Coyote/1.1
      vary:
      - Accept-Encoding
    status:
      code: 200
      message: OK
- request:
    body: null
    headers:
      Accept:
      - '*/*'
      Accept-Encoding:
      - gzip, deflate
      Connection:
      - keep-alive
      User-Agent:
      - sentinelsat/1.0.1
    method: GET
    uri: https://apihub.copernicus.eu/apihub/search?format=json&rows=100&start=0&q=identifier%3A%22S3B_SR_1_SRA____20210720T112514_20210720T112540_20210720T133004_0025_055_023______LN3_O_NR_004%22
  response:
    body:
      string: '{"feed":{"xmlns:opensearch":"http://a9.com/-/spec/opensearch/1.1/","xmlns":"http://www.w3.org/2005/Atom","title":"Sentinels
        Scientific Data Hub search results for: identifier:\"S3B_SR_1_SRA____20210720T112514_20210720T112540_20210720T133004_0025_055_023______LN3_O_NR_004\"","subtitle":"Displaying
        1 results. Request done in ... seconds.","updated":"...","author":{"name":"Sentinels
        Scientific Data Hub"},"id":"https://apihub.copernicus.eu/apihub/search?q=identifier:\"S3B_SR_1_SRA____20210720T112514_20210720T112540_20210720T133004_0025_055_023______LN3_O_NR_004\"","opensearch:totalResults":"1","opensearch:startIndex":"0","opensearch:itemsPerPage":"100","opensearch:Query":{"role":"request","searchTerms":"identifier:\"S3B_SR_1_SRA____20210720T112514_20210720T112540_20210720T133004_0025_055_023______LN3_O_NR_004\"","startPage":"1"},"link":[{"rel":"self","type":"application/json","href":"https://apihub.copernicus.eu/apihub/search?q=identifier:\"S3B_SR_1_SRA____20210720T112514_20210720T112540_20210720T133004_0025_055_023______LN3_O_NR_004\"&start=0&rows=100&format=json"},{"rel":"first","type":"application/json","href":"https://apihub.copernicus.eu/apihub/search?q=identifier:\"S3B_SR_1_SRA____20210720T112514_20210720T112540_20210720T133004_0025_055_023______LN3_O_NR_004\"&start=0&rows=100&format=json"},{"rel":"last","type":"application/json","href":"https://apihub.copernicus.eu/apihub/search?q=identifier:\"S3B_SR_1_SRA____20210720T112514_20210720T112540_20210720T133004_0025_055_023______LN3_O_NR_004\"&start=0&rows=100&format=json"},{"rel":"search","type":"application/opensearchdescription+xml","href":"opensearch_description.xml"}],"entry":{"title":"S3B_SR_1_SRA____20210720T112514_20210720T112540_20210720T133004_0025_055_023______LN3_O_NR_004","link":[{"href":"https://apihub.copernicus.eu/apihub/odata/v1/Products(''63b9e6c2-bac5-47d3-a4d4-bc57be31e6cd'')/$value"},{"rel":"alternative","href":"https://apihub.copernicus.eu/apihub/odata/v1/Products(''63b9e6c2-bac5-47d3-a4d4-bc57be31e6cd'')/"},{"rel":"icon","href":"https://apihub.copernicus.eu/apihub/odata/v1/Products(''63b9e6c2-bac5-47d3-a4d4-bc57be31e6cd'')/Products(''Quicklook'')/$value"}],"id":"63b9e6c2-bac5-47d3-a4d4-bc57be31e6cd","summary":"Date:
        2021-07-20T11:25:14.344Z, Instrument: SRAL, Satellite: Sentinel-3, Size: 983.54
        KB","ondemand":"false","date":[{"name":"beginposition","content":"2021-07-20T11:25:14.344Z"},{"name":"endposition","content":"2021-07-20T11:25:40.296Z"},{"name":"creationdate","content":"2021-07-20T13:30:04Z"},{"name":"ingestiondate","content":"2021-07-22T12:00:00.851Z"}],"int":[{"name":"lrmpercentage","content":"0"},{"name":"sarpercentage","content":"100"},{"name":"closedseapercentage","content":"0"},{"name":"continentalicepercentage","content":"29"},{"name":"landpercentage","content":"12"},{"name":"openseapercentage","content":"57"},{"name":"relativeorbitnumber","content":"23"},{"name":"orbitnumber","content":"16850"}],"str":[{"name":"filename","content":"S3B_SR_1_SRA____20210720T112514_20210720T112540_20210720T133004_0025_055_023______LN3_O_NR_004.SEN3"},{"name":"format","content":"SAFE"},{"name":"identifier","content":"S3B_SR_1_SRA____20210720T112514_20210720T112540_20210720T133004_0025_055_023______LN3_O_NR_004"},{"name":"instrumentshortname","content":"SRAL"},{"name":"sensoroperationalmode","content":"Earth
        Observation"},{"name":"instrumentname","content":"Sar Radar ALtimeter"},{"name":"mode","content":"EO"},{"name":"platformidentifier","content":"2018-039A"},{"name":"onlinequalitycheck","content":"PASSED"},{"name":"orbitdirection","content":"ascending"},{"name":"pduduration","content":"25"},{"name":"passnumber","content":"33699"},{"name":"passdirection","content":"ascending"},{"name":"procfacilityname","content":"Land
        Surface Topography Mission Processing and Archiving Centre [LN3]"},{"name":"procfacilityorg","content":"European
        Space Agency"},{"name":"processinglevel","content":"1"},{"name":"processingname","content":"Data
        Processing"},{"name":"productlevel","content":"L1"},{"name":"producttype","content":"SR_1_SRA___"},{"name":"relorbitdir","content":"ascending"},{"name":"relpassnumber","content":"45"},{"name":"relpassdirection","content":"ascending"},{"name":"platformname","content":"Sentinel-3"},{"name":"size","content":"983.54
        KB"},{"name":"timeliness","content":"Near Real Time"},{"name":"gmlfootprint","content":"<gml:Polygon
        srsName=\"http://www.opengis.net/gml/srs/epsg.xml#4326\" xmlns:gml=\"http://www.opengis.net/gml\">\n   <gml:outerBoundaryIs>\n      <gml:LinearRing>\n         <gml:coordinates>80.2597,97.2089
        80.6679,91.9953 80.9958,86.3638 80.9941,86.3603 80.6662,91.991 80.2581,97.204
        80.2597,97.2089</gml:coordinates>\n      </gml:LinearRing>\n   </gml:outerBoundaryIs>\n</gml:Polygon>"},{"name":"footprint","content":"MULTIPOLYGON
        (((97.204 80.2581, 97.2089 80.2597, 91.9953 80.6679, 86.3638 80.9958, 86.3603
        80.9941, 91.991 80.6662, 97.204 80.2581)))"},{"name":"uuid","content":"63b9e6c2-bac5-47d3-a4d4-bc57be31e6cd"}]}}}'
    headers:
      content-length:
      - '4981'
      content-type:
      - application/json
      pragma:
      - no-cache
      server:
      - Apache-Coyote/1.1
      vary:
      - Accept-Encoding
    status:
      code: 200
      message: OK
- request:
    body: null
    headers:
      Accept:
      - '*/*'
      Accept-Encoding:
      - gzip, deflate
      Connection:
      - keep-alive
      User-Agent:
      - sentinelsat/1.0.1
    method: GET
    uri: https://apihub.copernicus.eu/apihub/odata/v1/Products('63b9e6c2-bac5-47d3-a4d4-bc57be31e6cd')?$format=json
  response:
    body:
      string: '{"d":{"__metadata":{"id":"https://apihub.copernicus.eu/apihub/odata/v1/Products(''63b9e6c2-bac5-47d3-a4d4-bc57be31e6cd'')","uri":"https://apihub.copernicus.eu/apihub/odata/v1/Products(''63b9e6c2-bac5-47d3-a4d4-bc57be31e6cd'')","type":"DHuS.Product","content_type":"application/octet-stream","media_src":"https://apihub.copernicus.eu/apihub/odata/v1/Products(''63b9e6c2-bac5-47d3-a4d4-bc57be31e6cd'')/$value","edit_media":"https://apihub.copernicus.eu/apihub/odata/v1/Products(''63b9e6c2-bac5-47d3-a4d4-bc57be31e6cd'')/$value"},"Id":"63b9e6c2-bac5-47d3-a4d4-bc57be31e6cd","Name":"S3B_SR_1_SRA____20210720T112514_20210720T112540_20210720T133004_0025_055_023______LN3_O_NR_004","ContentType":"application/octet-stream","ContentLength":"577597","ChildrenNumber":"0","Value":null,"CreationDate":"\/Date(1626955325018)\/","IngestionDate":"\/Date(1626955200851)\/","ModificationDate":"\/Date(1626955325018)\/","EvictionDate":null,"Online":true,"OnDemand":false,"ContentDate":{"__metadata":{"type":"DHuS.TimeRange"},"Start":"\/Date(1626780314344)\/","End":"\/Date(1626780340296)\/"},"Checksum":{"__metadata":{"type":"DHuS.Checksum"},"Algorithm":"MD5","Value":"3da759decc87f5eede700a2252f59460"},"ContentGeometry":"<gml:Polygon
        srsName=\"http://www.opengis.net/gml/srs/epsg.xml#4326\" xmlns:gml=\"http://www.opengis.net/gml\">\n   <gml:outerBoundaryIs>\n      <gml:LinearRing>\n         <gml:coordinates>80.2597,97.2089
        80.6679,91.9953 80.9958,86.3638 80.9941,86.3603 80.6662,91.991 80.2581,97.204
        80.2597,97.2089</gml:coordinates>\n      </gml:LinearRing>\n   </gml:outerBoundaryIs>\n</gml:Polygon>","Products":{"__deferred":{"uri":"https://apihub.copernicus.eu/apihub/odata/v1/Products(''63b9e6c2-bac5-47d3-a4d4-bc57be31e6cd'')/Products"}},"Nodes":{"__deferred":{"uri":"https://apihub.copernicus.eu/apihub/odata/v1/Products(''63b9e6c2-bac5-47d3-a4d4-bc57be31e6cd'')/Nodes"}},"Attributes":{"__deferred":{"uri":"https://apihub.copernicus.eu/apihub/odata/v1/Products(''63b9e6c2-bac5-47d3-a4d4-bc57be31e6cd'')/Attributes"}},"Class":{"__deferred":{"uri":"https://apihub.copernicus.eu/apihub/odata/v1/Products(''63b9e6c2-bac5-47d3-a4d4-bc57be31e6cd'')/Class"}}}}'
    headers:
      content-length:
      - '2133'
      content-type:
      - application/json
      dataserviceversion:
      - '2.0'
      pragma:
      - no-cache
      server:
      - Apache-Coyote/1.1
      vary:
      - Accept-Encoding
    status:
      code: 200
      message: OK
- request:
    body: null
    headers:
      Accept:
      - '*/*'
      Accept-Encoding:
      - gzip, deflate
      Connection:
      - keep-alive
      User-Agent:
      - sentinelsat/1.0.1
    method: GET
    uri: https://apihub.copernicus.eu/apihub/odata/v1/Products('2edae234-b02d-46d2-8915-823e4ec0eadb')?$format=json
  response:
    body:
      string: '{"d":{"__metadata":{"id":"https://apihub.copernicus.eu/apihub/odata/v1/Products(''2edae234-b02d-46d2-8915-823e4ec0eadb'')","uri":"https://apihub.copernicus.eu/apihub/odata/v1/Products(''2edae234-b02d-46d2-8915-823e4ec0eadb'')","type":"DHuS.Product","content_type":"application/octet-stream","media_src":"https://apihub.copernicus.eu/apihub/odata/v1/Products(''2edae234-b02d-46d2-8915-823e4ec0eadb'')/$value","edit_media":"https://apihub.copernicus.eu/apihub/odata/v1/Products(''2edae234-b02d-46d2-8915-823e4ec0eadb'')/$value"},"Id":"2edae234-b02d-46d2-8915-823e4ec0eadb","Name":"S3B_SR_1_SRA____20210720T194442_20210720T194500_20210720T214156_0017_055_028______LN3_O_NR_004","ContentType":"application/octet-stream","ContentLength":"447106","ChildrenNumber":"0","Value":null,"CreationDate":"\/Date(1626978300430)\/","IngestionDate":"\/Date(1626978240842)\/","ModificationDate":"\/Date(1626978300430)\/","EvictionDate":null,"Online":true,"OnDemand":false,"ContentDate":{"__metadata":{"type":"DHuS.TimeRange"},"Start":"\/Date(1626810282480)\/","End":"\/Date(1626810300259)\/"},"Checksum":{"__metadata":{"type":"DHuS.Checksum"},"Algorithm":"MD5","Value":"a0377743199276ccab05e691822ad603"},"ContentGeometry":"<gml:Polygon
        srsName=\"http://www.opengis.net/gml/srs/epsg.xml#4326\" xmlns:gml=\"http://www.opengis.net/gml\">\n   <gml:outerBoundaryIs>\n      <gml:LinearRing>\n         <gml:coordinates>64.5397,15.4142
        65.1997,14.7813 65.8572,14.1188 65.8565,14.1147 65.199,14.7774 64.5391,15.4103
        64.5397,15.4142</gml:coordinates>\n      </gml:LinearRing>\n   </gml:outerBoundaryIs>\n</gml:Polygon>","Products":{"__deferred":{"uri":"https://apihub.copernicus.eu/apihub/odata/v1/Products(''2edae234-b02d-46d2-8915-823e4ec0eadb'')/Products"}},"Nodes":{"__deferred":{"uri":"https://apihub.copernicus.eu/apihub/odata/v1/Products(''2edae234-b02d-46d2-8915-823e4ec0eadb'')/Nodes"}},"Attributes":{"__deferred":{"uri":"https://apihub.copernicus.eu/apihub/odata/v1/Products(''2edae234-b02d-46d2-8915-823e4ec0eadb'')/Attributes"}},"Class":{"__deferred":{"uri":"https://apihub.copernicus.eu/apihub/odata/v1/Products(''2edae234-b02d-46d2-8915-823e4ec0eadb'')/Class"}}}}'
    headers:
      content-length:
      - '2134'
      content-type:
      - application/json
      dataserviceversion:
      - '2.0'
      pragma:
      - no-cache
      server:
      - Apache-Coyote/1.1
      vary:
      - Accept-Encoding
    status:
      code: 200
      message: OK
- request:
    body: null
    headers:
      Accept:
      - '*/*'
      Accept-Encoding:
      - gzip, deflate
      Connection:
      - keep-alive
      User-Agent:
      - sentinelsat/1.0.1
    method: GET
    uri: https://apihub.copernicus.eu/apihub/odata/v1/Products('541b23d7-5e38-42c1-9989-223af2dd5584')?$format=json
  response:
    body:
      string: '{"d":{"__metadata":{"id":"https://apihub.copernicus.eu/apihub/odata/v1/Products(''541b23d7-5e38-42c1-9989-223af2dd5584'')","uri":"https://apihub.copernicus.eu/apihub/odata/v1/Products(''541b23d7-5e38-42c1-9989-223af2dd5584'')","type":"DHuS.Product","content_type":"application/octet-stream","media_src":"https://apihub.copernicus.eu/apihub/odata/v1/Products(''541b23d7-5e38-42c1-9989-223af2dd5584'')/$value","edit_media":"https://apihub.copernicus.eu/apihub/odata/v1/Products(''541b23d7-5e38-42c1-9989-223af2dd5584'')/$value"},"Id":"541b23d7-5e38-42c1-9989-223af2dd5584","Name":"S3A_SR_1_SRA____20210721T113825_20210721T113845_20210721T133543_0019_074_180______LN3_O_NR_004","ContentType":"application/octet-stream","ContentLength":"474673","ChildrenNumber":"0","Value":null,"CreationDate":"\/Date(1626974760773)\/","IngestionDate":"\/Date(1626974642797)\/","ModificationDate":"\/Date(1626974760773)\/","EvictionDate":null,"Online":true,"OnDemand":false,"ContentDate":{"__metadata":{"type":"DHuS.TimeRange"},"Start":"\/Date(1626867505362)\/","End":"\/Date(1626867525293)\/"},"Checksum":{"__metadata":{"type":"DHuS.Checksum"},"Algorithm":"MD5","Value":"435743740099b2a17340ec7a95c1f6b5"},"ContentGeometry":"<gml:Polygon
        srsName=\"http://www.opengis.net/gml/srs/epsg.xml#4326\" xmlns:gml=\"http://www.opengis.net/gml\">\n   <gml:outerBoundaryIs>\n      <gml:LinearRing>\n         <gml:coordinates>80.2379,94.2248
        80.5786,90.0452 80.868,85.5831 80.8663,85.5793 80.577,90.0407 80.2363,94.2198
        80.2379,94.2248</gml:coordinates>\n      </gml:LinearRing>\n   </gml:outerBoundaryIs>\n</gml:Polygon>","Products":{"__deferred":{"uri":"https://apihub.copernicus.eu/apihub/odata/v1/Products(''541b23d7-5e38-42c1-9989-223af2dd5584'')/Products"}},"Nodes":{"__deferred":{"uri":"https://apihub.copernicus.eu/apihub/odata/v1/Products(''541b23d7-5e38-42c1-9989-223af2dd5584'')/Nodes"}},"Attributes":{"__deferred":{"uri":"https://apihub.copernicus.eu/apihub/odata/v1/Products(''541b23d7-5e38-42c1-9989-223af2dd5584'')/Attributes"}},"Class":{"__deferred":{"uri":"https://apihub.copernicus.eu/apihub/odata/v1/Products(''541b23d7-5e38-42c1-9989-223af2dd5584'')/Class"}}}}'
    headers:
      content-length:
      - '2133'
      content-type:
      - application/json
      dataserviceversion:
      - '2.0'
      pragma:
      - no-cache
      server:
      - Apache-Coyote/1.1
      vary:
      - Accept-Encoding
    status:
      code: 200
      message: OK
- request:
    body: null
    headers:
      Accept:
      - '*/*'
      Accept-Encoding:
      - gzip, deflate
      Connection:
      - keep-alive
      User-Agent:
      - sentinelsat/1.0.1
    method: GET
    uri: https://apihub.copernicus.eu/apihub/search?format=json&rows=100&start=0&q=identifier%3A%22S3B_SR_1_SRA____20210720T194442_20210720T194500_20210720T214156_0017_055_028______LN3_O_NR_004%22
  response:
    body:
      string: '{"feed":{"xmlns:opensearch":"http://a9.com/-/spec/opensearch/1.1/","xmlns":"http://www.w3.org/2005/Atom","title":"Sentinels
        Scientific Data Hub search results for: identifier:\"S3B_SR_1_SRA____20210720T194442_20210720T194500_20210720T214156_0017_055_028______LN3_O_NR_004\"","subtitle":"Displaying
        1 results. Request done in ... seconds.","updated":"...","author":{"name":"Sentinels
        Scientific Data Hub"},"id":"https://apihub.copernicus.eu/apihub/search?q=identifier:\"S3B_SR_1_SRA____20210720T194442_20210720T194500_20210720T214156_0017_055_028______LN3_O_NR_004\"","opensearch:totalResults":"1","opensearch:startIndex":"0","opensearch:itemsPerPage":"100","opensearch:Query":{"role":"request","searchTerms":"identifier:\"S3B_SR_1_SRA____20210720T194442_20210720T194500_20210720T214156_0017_055_028______LN3_O_NR_004\"","startPage":"1"},"link":[{"rel":"self","type":"application/json","href":"https://apihub.copernicus.eu/apihub/search?q=identifier:\"S3B_SR_1_SRA____20210720T194442_20210720T194500_20210720T214156_0017_055_028______LN3_O_NR_004\"&start=0&rows=100&format=json"},{"rel":"first","type":"application/json","href":"https://apihub.copernicus.eu/apihub/search?q=identifier:\"S3B_SR_1_SRA____20210720T194442_20210720T194500_20210720T214156_0017_055_028______LN3_O_NR_004\"&start=0&rows=100&format=json"},{"rel":"last","type":"application/json","href":"https://apihub.copernicus.eu/apihub/search?q=identifier:\"S3B_SR_1_SRA____20210720T194442_20210720T194500_20210720T214156_0017_055_028______LN3_O_NR_004\"&start=0&rows=100&format=json"},{"rel":"search","type":"application/opensearchdescription+xml","href":"opensearch_description.xml"}],"entry":{"title":"S3B_SR_1_SRA____20210720T194442_20210720T194500_20210720T214156_0017_055_028______LN3_O_NR_004","link":[{"href":"https://apihub.copernicus.eu/apihub/odata/v1/Products(''2edae234-b02d-46d2-8915-823e4ec0eadb'')/$value"},{"rel":"alternative","href":"https://apihub.copernicus.eu/apihub/odata/v1/Products(''2edae234-b02d-46d2-8915-823e4ec0eadb'')/"},{"rel":"icon","href":"https://apihub.copernicus.eu/apihub/odata/v1/Products(''2edae234-b02d-46d2-8915-823e4ec0eadb'')/Products(''Quicklook'')/$value"}],"id":"2edae234-b02d-46d2-8915-823e4ec0eadb","summary":"Date:
        2021-07-20T19:44:42.48Z, Instrument: SRAL, Satellite: Sentinel-3, Size: 849.68
        KB","ondemand":"false","date":[{"name":"beginposition","content":"2021-07-20T19:44:42.48Z"},{"name":"endposition","content":"2021-07-20T19:45:00.259Z"},{"name":"creationdate","content":"2021-07-20T21:41:56Z"},{"name":"ingestiondate","content":"2021-07-22T18:24:00.842Z"}],"int":[{"name":"lrmpercentage","content":"0"},{"name":"sarpercentage","content":"100"},{"name":"closedseapercentage","content":"2"},{"name":"continentalicepercentage","content":"0"},{"name":"landpercentage","content":"97"},{"name":"openseapercentage","content":"0"},{"name":"relativeorbitnumber","content":"28"},{"name":"orbitnumber","content":"16855"}],"str":[{"name":"filename","content":"S3B_SR_1_SRA____20210720T194442_20210720T194500_20210720T214156_0017_055_028______LN3_O_NR_004.SEN3"},{"name":"format","content":"SAFE"},{"name":"identifier","content":"S3B_SR_1_SRA____20210720T194442_20210720T194500_20210720T214156_0017_055_028______LN3_O_NR_004"},{"name":"instrumentshortname","content":"SRAL"},{"name":"sensoroperationalmode","content":"Earth
        Observation"},{"name":"instrumentname","content":"Sar Radar ALtimeter"},{"name":"mode","content":"EO"},{"name":"platformidentifier","content":"2018-039A"},{"name":"onlinequalitycheck","content":"PASSED"},{"name":"orbitdirection","content":"ascending"},{"name":"pduduration","content":"17"},{"name":"passnumber","content":"33709"},{"name":"passdirection","content":"ascending"},{"name":"procfacilityname","content":"Land
        Surface Topography Mission Processing and Archiving Centre [LN3]"},{"name":"procfacilityorg","content":"European
        Space Agency"},{"name":"processinglevel","content":"1"},{"name":"processingname","content":"Data
        Processing"},{"name":"productlevel","content":"L1"},{"name":"producttype","content":"SR_1_SRA___"},{"name":"relorbitdir","content":"ascending"},{"name":"relpassnumber","content":"55"},{"name":"relpassdirection","content":"ascending"},{"name":"platformname","content":"Sentinel-3"},{"name":"size","content":"849.68
        KB"},{"name":"timeliness","content":"Near Real Time"},{"name":"gmlfootprint","content":"<gml:Polygon
        srsName=\"http://www.opengis.net/gml/srs/epsg.xml#4326\" xmlns:gml=\"http://www.opengis.net/gml\">\n   <gml:outerBoundaryIs>\n      <gml:LinearRing>\n         <gml:coordinates>64.5397,15.4142
        65.1997,14.7813 65.8572,14.1188 65.8565,14.1147 65.199,14.7774 64.5391,15.4103
        64.5397,15.4142</gml:coordinates>\n      </gml:LinearRing>\n   </gml:outerBoundaryIs>\n</gml:Polygon>"},{"name":"footprint","content":"MULTIPOLYGON
        (((15.4103 64.5391, 15.4142 64.5397, 14.7813 65.1997, 14.1188 65.8572, 14.1147
        65.8565, 14.7774 65.199, 15.4103 64.5391)))"},{"name":"uuid","content":"2edae234-b02d-46d2-8915-823e4ec0eadb"}]}}}'
    headers:
      content-length:
      - '4980'
      content-type:
      - application/json
      pragma:
      - no-cache
      server:
      - Apache-Coyote/1.1
      vary:
      - Accept-Encoding
    status:
      code: 200
      message: OK
- request:
    body: null
    headers:
      Accept:
      - '*/*'
      Accept-Encoding:
      - gzip, deflate
      Connection:
      - keep-alive
      User-Agent:
      - sentinelsat/1.0.1
    method: GET
    uri: https://apihub.copernicus.eu/apihub/search?format=json&rows=100&start=0&q=identifier%3A%22S3A_SR_1_SRA____20210721T113825_20210721T113845_20210721T133543_0019_074_180______LN3_O_NR_004%22
  response:
    body:
      string: '{"feed":{"xmlns:opensearch":"http://a9.com/-/spec/opensearch/1.1/","xmlns":"http://www.w3.org/2005/Atom","title":"Sentinels
        Scientific Data Hub search results for: identifier:\"S3A_SR_1_SRA____20210721T113825_20210721T113845_20210721T133543_0019_074_180______LN3_O_NR_004\"","subtitle":"Displaying
        1 results. Request done in ... seconds.","updated":"...","author":{"name":"Sentinels
        Scientific Data Hub"},"id":"https://apihub.copernicus.eu/apihub/search?q=identifier:\"S3A_SR_1_SRA____20210721T113825_20210721T113845_20210721T133543_0019_074_180______LN3_O_NR_004\"","opensearch:totalResults":"1","opensearch:startIndex":"0","opensearch:itemsPerPage":"100","opensearch:Query":{"role":"request","searchTerms":"identifier:\"S3A_SR_1_SRA____20210721T113825_20210721T113845_20210721T133543_0019_074_180______LN3_O_NR_004\"","startPage":"1"},"link":[{"rel":"self","type":"application/json","href":"https://apihub.copernicus.eu/apihub/search?q=identifier:\"S3A_SR_1_SRA____20210721T113825_20210721T113845_20210721T133543_0019_074_180______LN3_O_NR_004\"&start=0&rows=100&format=json"},{"rel":"first","type":"application/json","href":"https://apihub.copernicus.eu/apihub/search?q=identifier:\"S3A_SR_1_SRA____20210721T113825_20210721T113845_20210721T133543_0019_074_180______LN3_O_NR_004\"&start=0&rows=100&format=json"},{"rel":"last","type":"application/json","href":"https://apihub.copernicus.eu/apihub/search?q=identifier:\"S3A_SR_1_SRA____20210721T113825_20210721T113845_20210721T133543_0019_074_180______LN3_O_NR_004\"&start=0&rows=100&format=json"},{"rel":"search","type":"application/opensearchdescription+xml","href":"opensearch_description.xml"}],"entry":{"title":"S3A_SR_1_SRA____20210721T113825_20210721T113845_20210721T133543_0019_074_180______LN3_O_NR_004","link":[{"href":"https://apihub.copernicus.eu/apihub/odata/v1/Products(''541b23d7-5e38-42c1-9989-223af2dd5584'')/$value"},{"rel":"alternative","href":"https://apihub.copernicus.eu/apihub/odata/v1/Products(''541b23d7-5e38-42c1-9989-223af2dd5584'')/"},{"rel":"icon","href":"https://apihub.copernicus.eu/apihub/odata/v1/Products(''541b23d7-5e38-42c1-9989-223af2dd5584'')/Products(''Quicklook'')/$value"}],"id":"541b23d7-5e38-42c1-9989-223af2dd5584","summary":"Date:
        2021-07-21T11:38:25.362Z, Instrument: SRAL, Satellite: Sentinel-3, Size: 878.05
        KB","ondemand":"false","date":[{"name":"beginposition","content":"2021-07-21T11:38:25.362Z"},{"name":"endposition","content":"2021-07-21T11:38:45.293Z"},{"name":"creationdate","content":"2021-07-21T13:35:43Z"},{"name":"ingestiondate","content":"2021-07-22T17:24:02.797Z"}],"int":[{"name":"lrmpercentage","content":"0"},{"name":"sarpercentage","content":"100"},{"name":"closedseapercentage","content":"0"},{"name":"continentalicepercentage","content":"2"},{"name":"landpercentage","content":"22"},{"name":"openseapercentage","content":"74"},{"name":"relativeorbitnumber","content":"180"},{"name":"orbitnumber","content":"28258"}],"str":[{"name":"filename","content":"S3A_SR_1_SRA____20210721T113825_20210721T113845_20210721T133543_0019_074_180______LN3_O_NR_004.SEN3"},{"name":"format","content":"SAFE"},{"name":"identifier","content":"S3A_SR_1_SRA____20210721T113825_20210721T113845_20210721T133543_0019_074_180______LN3_O_NR_004"},{"name":"instrumentshortname","content":"SRAL"},{"name":"sensoroperationalmode","content":"Earth
        Observation"},{"name":"instrumentname","content":"Sar Radar ALtimeter"},{"name":"mode","content":"EO"},{"name":"platformidentifier","content":"2016-011A"},{"name":"onlinequalitycheck","content":"PASSED"},{"name":"orbitdirection","content":"ascending"},{"name":"pduduration","content":"19"},{"name":"passnumber","content":"56515"},{"name":"passdirection","content":"ascending"},{"name":"procfacilityname","content":"Land
        Surface Topography Mission Processing and Archiving Centre [LN3]"},{"name":"procfacilityorg","content":"European
        Space Agency"},{"name":"processinglevel","content":"1"},{"name":"processingname","content":"Data
        Processing"},{"name":"productlevel","content":"L1"},{"name":"producttype","content":"SR_1_SRA___"},{"name":"relorbitdir","content":"ascending"},{"name":"relpassnumber","content":"359"},{"name":"relpassdirection","content":"ascending"},{"name":"platformname","content":"Sentinel-3"},{"name":"size","content":"878.05
        KB"},{"name":"timeliness","content":"Near Real Time"},{"name":"gmlfootprint","content":"<gml:Polygon
        srsName=\"http://www.opengis.net/gml/srs/epsg.xml#4326\" xmlns:gml=\"http://www.opengis.net/gml\">\n   <gml:outerBoundaryIs>\n      <gml:LinearRing>\n         <gml:coordinates>80.2379,94.2248
        80.5786,90.0452 80.868,85.5831 80.8663,85.5793 80.577,90.0407 80.2363,94.2198
        80.2379,94.2248</gml:coordinates>\n      </gml:LinearRing>\n   </gml:outerBoundaryIs>\n</gml:Polygon>"},{"name":"footprint","content":"MULTIPOLYGON
        (((94.2198 80.2363, 94.2248 80.2379, 90.0452 80.5786, 85.5831 80.868, 85.5793
        80.8663, 90.0407 80.577, 94.2198 80.2363)))"},{"name":"uuid","content":"541b23d7-5e38-42c1-9989-223af2dd5584"}]}}}'
    headers:
      content-length:
      - '4983'
      content-type:
      - application/json
      pragma:
      - no-cache
      server:
      - Apache-Coyote/1.1
      vary:
      - Accept-Encoding
    status:
      code: 200
      message: OK
- request:
    body: null
    headers:
      Accept:
      - '*/*'
      Accept-Encoding:
      - gzip, deflate
      Connection:
      - keep-alive
      User-Agent:
      - sentinelsat/1.0.1
    method: GET
    uri: https://apihub.copernicus.eu/apihub/search?format=json&rows=100&start=0&q=identifier%3A%22S3B_SR_1_SRA____20210720T112514_20210720T112540_20210720T133004_0025_055_023______LN3_O_NR_004%22
  response:
    body:
      string: '{"feed":{"xmlns:opensearch":"http://a9.com/-/spec/opensearch/1.1/","xmlns":"http://www.w3.org/2005/Atom","title":"Sentinels
        Scientific Data Hub search results for: identifier:\"S3B_SR_1_SRA____20210720T112514_20210720T112540_20210720T133004_0025_055_023______LN3_O_NR_004\"","subtitle":"Displaying
        1 results. Request done in ... seconds.","updated":"...","author":{"name":"Sentinels
        Scientific Data Hub"},"id":"https://apihub.copernicus.eu/apihub/search?q=identifier:\"S3B_SR_1_SRA____20210720T112514_20210720T112540_20210720T133004_0025_055_023______LN3_O_NR_004\"","opensearch:totalResults":"1","opensearch:startIndex":"0","opensearch:itemsPerPage":"100","opensearch:Query":{"role":"request","searchTerms":"identifier:\"S3B_SR_1_SRA____20210720T112514_20210720T112540_20210720T133004_0025_055_023______LN3_O_NR_004\"","startPage":"1"},"link":[{"rel":"self","type":"application/json","href":"https://apihub.copernicus.eu/apihub/search?q=identifier:\"S3B_SR_1_SRA____20210720T112514_20210720T112540_20210720T133004_0025_055_023______LN3_O_NR_004\"&start=0&rows=100&format=json"},{"rel":"first","type":"application/json","href":"https://apihub.copernicus.eu/apihub/search?q=identifier:\"S3B_SR_1_SRA____20210720T112514_20210720T112540_20210720T133004_0025_055_023______LN3_O_NR_004\"&start=0&rows=100&format=json"},{"rel":"last","type":"application/json","href":"https://apihub.copernicus.eu/apihub/search?q=identifier:\"S3B_SR_1_SRA____20210720T112514_20210720T112540_20210720T133004_0025_055_023______LN3_O_NR_004\"&start=0&rows=100&format=json"},{"rel":"search","type":"application/opensearchdescription+xml","href":"opensearch_description.xml"}],"entry":{"title":"S3B_SR_1_SRA____20210720T112514_20210720T112540_20210720T133004_0025_055_023______LN3_O_NR_004","link":[{"href":"https://apihub.copernicus.eu/apihub/odata/v1/Products(''63b9e6c2-bac5-47d3-a4d4-bc57be31e6cd'')/$value"},{"rel":"alternative","href":"https://apihub.copernicus.eu/apihub/odata/v1/Products(''63b9e6c2-bac5-47d3-a4d4-bc57be31e6cd'')/"},{"rel":"icon","href":"https://apihub.copernicus.eu/apihub/odata/v1/Products(''63b9e6c2-bac5-47d3-a4d4-bc57be31e6cd'')/Products(''Quicklook'')/$value"}],"id":"63b9e6c2-bac5-47d3-a4d4-bc57be31e6cd","summary":"Date:
        2021-07-20T11:25:14.344Z, Instrument: SRAL, Satellite: Sentinel-3, Size: 983.54
        KB","ondemand":"false","date":[{"name":"beginposition","content":"2021-07-20T11:25:14.344Z"},{"name":"endposition","content":"2021-07-20T11:25:40.296Z"},{"name":"creationdate","content":"2021-07-20T13:30:04Z"},{"name":"ingestiondate","content":"2021-07-22T12:00:00.851Z"}],"int":[{"name":"lrmpercentage","content":"0"},{"name":"sarpercentage","content":"100"},{"name":"closedseapercentage","content":"0"},{"name":"continentalicepercentage","content":"29"},{"name":"landpercentage","content":"12"},{"name":"openseapercentage","content":"57"},{"name":"relativeorbitnumber","content":"23"},{"name":"orbitnumber","content":"16850"}],"str":[{"name":"filename","content":"S3B_SR_1_SRA____20210720T112514_20210720T112540_20210720T133004_0025_055_023______LN3_O_NR_004.SEN3"},{"name":"format","content":"SAFE"},{"name":"identifier","content":"S3B_SR_1_SRA____20210720T112514_20210720T112540_20210720T133004_0025_055_023______LN3_O_NR_004"},{"name":"instrumentshortname","content":"SRAL"},{"name":"sensoroperationalmode","content":"Earth
        Observation"},{"name":"instrumentname","content":"Sar Radar ALtimeter"},{"name":"mode","content":"EO"},{"name":"platformidentifier","content":"2018-039A"},{"name":"onlinequalitycheck","content":"PASSED"},{"name":"orbitdirection","content":"ascending"},{"name":"pduduration","content":"25"},{"name":"passnumber","content":"33699"},{"name":"passdirection","content":"ascending"},{"name":"procfacilityname","content":"Land
        Surface Topography Mission Processing and Archiving Centre [LN3]"},{"name":"procfacilityorg","content":"European
        Space Agency"},{"name":"processinglevel","content":"1"},{"name":"processingname","content":"Data
        Processing"},{"name":"productlevel","content":"L1"},{"name":"producttype","content":"SR_1_SRA___"},{"name":"relorbitdir","content":"ascending"},{"name":"relpassnumber","content":"45"},{"name":"relpassdirection","content":"ascending"},{"name":"platformname","content":"Sentinel-3"},{"name":"size","content":"983.54
        KB"},{"name":"timeliness","content":"Near Real Time"},{"name":"gmlfootprint","content":"<gml:Polygon
        srsName=\"http://www.opengis.net/gml/srs/epsg.xml#4326\" xmlns:gml=\"http://www.opengis.net/gml\">\n   <gml:outerBoundaryIs>\n      <gml:LinearRing>\n         <gml:coordinates>80.2597,97.2089
        80.6679,91.9953 80.9958,86.3638 80.9941,86.3603 80.6662,91.991 80.2581,97.204
        80.2597,97.2089</gml:coordinates>\n      </gml:LinearRing>\n   </gml:outerBoundaryIs>\n</gml:Polygon>"},{"name":"footprint","content":"MULTIPOLYGON
        (((97.204 80.2581, 97.2089 80.2597, 91.9953 80.6679, 86.3638 80.9958, 86.3603
        80.9941, 91.991 80.6662, 97.204 80.2581)))"},{"name":"uuid","content":"63b9e6c2-bac5-47d3-a4d4-bc57be31e6cd"}]}}}'
    headers:
      content-length:
      - '4981'
      content-type:
      - application/json
      pragma:
      - no-cache
      server:
      - Apache-Coyote/1.1
      vary:
      - Accept-Encoding
    status:
      code: 200
      message: OK
- request:
    body: null
    headers:
      Accept:
      - '*/*'
      Accept-Encoding:
      - gzip, deflate
      Connection:
      - keep-alive
      User-Agent:
      - sentinelsat/1.0.1
    method: GET
    uri: https://apihub.copernicus.eu/apihub/odata/v1/Products('63b9e6c2-bac5-47d3-a4d4-bc57be31e6cd')?$format=json
  response:
    body:
      string: '{"d":{"__metadata":{"id":"https://apihub.copernicus.eu/apihub/odata/v1/Products(''63b9e6c2-bac5-47d3-a4d4-bc57be31e6cd'')","uri":"https://apihub.copernicus.eu/apihub/odata/v1/Products(''63b9e6c2-bac5-47d3-a4d4-bc57be31e6cd'')","type":"DHuS.Product","content_type":"application/octet-stream","media_src":"https://apihub.copernicus.eu/apihub/odata/v1/Products(''63b9e6c2-bac5-47d3-a4d4-bc57be31e6cd'')/$value","edit_media":"https://apihub.copernicus.eu/apihub/odata/v1/Products(''63b9e6c2-bac5-47d3-a4d4-bc57be31e6cd'')/$value"},"Id":"63b9e6c2-bac5-47d3-a4d4-bc57be31e6cd","Name":"S3B_SR_1_SRA____20210720T112514_20210720T112540_20210720T133004_0025_055_023______LN3_O_NR_004","ContentType":"application/octet-stream","ContentLength":"577597","ChildrenNumber":"0","Value":null,"CreationDate":"\/Date(1626955325018)\/","IngestionDate":"\/Date(1626955200851)\/","ModificationDate":"\/Date(1626955325018)\/","EvictionDate":null,"Online":true,"OnDemand":false,"ContentDate":{"__metadata":{"type":"DHuS.TimeRange"},"Start":"\/Date(1626780314344)\/","End":"\/Date(1626780340296)\/"},"Checksum":{"__metadata":{"type":"DHuS.Checksum"},"Algorithm":"MD5","Value":"3da759decc87f5eede700a2252f59460"},"ContentGeometry":"<gml:Polygon
        srsName=\"http://www.opengis.net/gml/srs/epsg.xml#4326\" xmlns:gml=\"http://www.opengis.net/gml\">\n   <gml:outerBoundaryIs>\n      <gml:LinearRing>\n         <gml:coordinates>80.2597,97.2089
        80.6679,91.9953 80.9958,86.3638 80.9941,86.3603 80.6662,91.991 80.2581,97.204
        80.2597,97.2089</gml:coordinates>\n      </gml:LinearRing>\n   </gml:outerBoundaryIs>\n</gml:Polygon>","Products":{"__deferred":{"uri":"https://apihub.copernicus.eu/apihub/odata/v1/Products(''63b9e6c2-bac5-47d3-a4d4-bc57be31e6cd'')/Products"}},"Nodes":{"__deferred":{"uri":"https://apihub.copernicus.eu/apihub/odata/v1/Products(''63b9e6c2-bac5-47d3-a4d4-bc57be31e6cd'')/Nodes"}},"Attributes":{"__deferred":{"uri":"https://apihub.copernicus.eu/apihub/odata/v1/Products(''63b9e6c2-bac5-47d3-a4d4-bc57be31e6cd'')/Attributes"}},"Class":{"__deferred":{"uri":"https://apihub.copernicus.eu/apihub/odata/v1/Products(''63b9e6c2-bac5-47d3-a4d4-bc57be31e6cd'')/Class"}}}}'
    headers:
      content-length:
      - '2133'
      content-type:
      - application/json
      dataserviceversion:
      - '2.0'
      pragma:
      - no-cache
      server:
      - Apache-Coyote/1.1
      vary:
      - Accept-Encoding
    status:
      code: 200
      message: OK
- request:
    body: null
    headers:
      Accept:
      - '*/*'
      Accept-Encoding:
      - gzip, deflate
      Connection:
      - keep-alive
      User-Agent:
      - sentinelsat/1.0.1
    method: GET
    uri: https://apihub.copernicus.eu/apihub/odata/v1/Products('2edae234-b02d-46d2-8915-823e4ec0eadb')?$format=json
  response:
    body:
      string: '{"d":{"__metadata":{"id":"https://apihub.copernicus.eu/apihub/odata/v1/Products(''2edae234-b02d-46d2-8915-823e4ec0eadb'')","uri":"https://apihub.copernicus.eu/apihub/odata/v1/Products(''2edae234-b02d-46d2-8915-823e4ec0eadb'')","type":"DHuS.Product","content_type":"application/octet-stream","media_src":"https://apihub.copernicus.eu/apihub/odata/v1/Products(''2edae234-b02d-46d2-8915-823e4ec0eadb'')/$value","edit_media":"https://apihub.copernicus.eu/apihub/odata/v1/Products(''2edae234-b02d-46d2-8915-823e4ec0eadb'')/$value"},"Id":"2edae234-b02d-46d2-8915-823e4ec0eadb","Name":"S3B_SR_1_SRA____20210720T194442_20210720T194500_20210720T214156_0017_055_028______LN3_O_NR_004","ContentType":"application/octet-stream","ContentLength":"447106","ChildrenNumber":"0","Value":null,"CreationDate":"\/Date(1626978300430)\/","IngestionDate":"\/Date(1626978240842)\/","ModificationDate":"\/Date(1626978300430)\/","EvictionDate":null,"Online":true,"OnDemand":false,"ContentDate":{"__metadata":{"type":"DHuS.TimeRange"},"Start":"\/Date(1626810282480)\/","End":"\/Date(1626810300259)\/"},"Checksum":{"__metadata":{"type":"DHuS.Checksum"},"Algorithm":"MD5","Value":"a0377743199276ccab05e691822ad603"},"ContentGeometry":"<gml:Polygon
        srsName=\"http://www.opengis.net/gml/srs/epsg.xml#4326\" xmlns:gml=\"http://www.opengis.net/gml\">\n   <gml:outerBoundaryIs>\n      <gml:LinearRing>\n         <gml:coordinates>64.5397,15.4142
        65.1997,14.7813 65.8572,14.1188 65.8565,14.1147 65.199,14.7774 64.5391,15.4103
        64.5397,15.4142</gml:coordinates>\n      </gml:LinearRing>\n   </gml:outerBoundaryIs>\n</gml:Polygon>","Products":{"__deferred":{"uri":"https://apihub.copernicus.eu/apihub/odata/v1/Products(''2edae234-b02d-46d2-8915-823e4ec0eadb'')/Products"}},"Nodes":{"__deferred":{"uri":"https://apihub.copernicus.eu/apihub/odata/v1/Products(''2edae234-b02d-46d2-8915-823e4ec0eadb'')/Nodes"}},"Attributes":{"__deferred":{"uri":"https://apihub.copernicus.eu/apihub/odata/v1/Products(''2edae234-b02d-46d2-8915-823e4ec0eadb'')/Attributes"}},"Class":{"__deferred":{"uri":"https://apihub.copernicus.eu/apihub/odata/v1/Products(''2edae234-b02d-46d2-8915-823e4ec0eadb'')/Class"}}}}'
    headers:
      content-length:
      - '2134'
      content-type:
      - application/json
      dataserviceversion:
      - '2.0'
      pragma:
      - no-cache
      server:
      - Apache-Coyote/1.1
      vary:
      - Accept-Encoding
    status:
      code: 200
      message: OK
- request:
    body: null
    headers:
      Accept:
      - '*/*'
      Accept-Encoding:
      - gzip, deflate
      Connection:
      - keep-alive
      User-Agent:
      - sentinelsat/1.0.1
    method: GET
    uri: https://apihub.copernicus.eu/apihub/odata/v1/Products('541b23d7-5e38-42c1-9989-223af2dd5584')?$format=json
  response:
    body:
      string: '{"d":{"__metadata":{"id":"https://apihub.copernicus.eu/apihub/odata/v1/Products(''541b23d7-5e38-42c1-9989-223af2dd5584'')","uri":"https://apihub.copernicus.eu/apihub/odata/v1/Products(''541b23d7-5e38-42c1-9989-223af2dd5584'')","type":"DHuS.Product","content_type":"application/octet-stream","media_src":"https://apihub.copernicus.eu/apihub/odata/v1/Products(''541b23d7-5e38-42c1-9989-223af2dd5584'')/$value","edit_media":"https://apihub.copernicus.eu/apihub/odata/v1/Products(''541b23d7-5e38-42c1-9989-223af2dd5584'')/$value"},"Id":"541b23d7-5e38-42c1-9989-223af2dd5584","Name":"S3A_SR_1_SRA____20210721T113825_20210721T113845_20210721T133543_0019_074_180______LN3_O_NR_004","ContentType":"application/octet-stream","ContentLength":"474673","ChildrenNumber":"0","Value":null,"CreationDate":"\/Date(1626974760773)\/","IngestionDate":"\/Date(1626974642797)\/","ModificationDate":"\/Date(1626974760773)\/","EvictionDate":null,"Online":true,"OnDemand":false,"ContentDate":{"__metadata":{"type":"DHuS.TimeRange"},"Start":"\/Date(1626867505362)\/","End":"\/Date(1626867525293)\/"},"Checksum":{"__metadata":{"type":"DHuS.Checksum"},"Algorithm":"MD5","Value":"435743740099b2a17340ec7a95c1f6b5"},"ContentGeometry":"<gml:Polygon
        srsName=\"http://www.opengis.net/gml/srs/epsg.xml#4326\" xmlns:gml=\"http://www.opengis.net/gml\">\n   <gml:outerBoundaryIs>\n      <gml:LinearRing>\n         <gml:coordinates>80.2379,94.2248
        80.5786,90.0452 80.868,85.5831 80.8663,85.5793 80.577,90.0407 80.2363,94.2198
        80.2379,94.2248</gml:coordinates>\n      </gml:LinearRing>\n   </gml:outerBoundaryIs>\n</gml:Polygon>","Products":{"__deferred":{"uri":"https://apihub.copernicus.eu/apihub/odata/v1/Products(''541b23d7-5e38-42c1-9989-223af2dd5584'')/Products"}},"Nodes":{"__deferred":{"uri":"https://apihub.copernicus.eu/apihub/odata/v1/Products(''541b23d7-5e38-42c1-9989-223af2dd5584'')/Nodes"}},"Attributes":{"__deferred":{"uri":"https://apihub.copernicus.eu/apihub/odata/v1/Products(''541b23d7-5e38-42c1-9989-223af2dd5584'')/Attributes"}},"Class":{"__deferred":{"uri":"https://apihub.copernicus.eu/apihub/odata/v1/Products(''541b23d7-5e38-42c1-9989-223af2dd5584'')/Class"}}}}'
    headers:
      content-length:
      - '2133'
      content-type:
      - application/json
      dataserviceversion:
      - '2.0'
      pragma:
      - no-cache
      server:
      - Apache-Coyote/1.1
      vary:
      - Accept-Encoding
    status:
      code: 200
      message: OK
- request:
    body: null
    headers:
      Accept:
      - '*/*'
      Accept-Encoding:
      - gzip, deflate
      Connection:
      - keep-alive
      User-Agent:
      - sentinelsat/1.0.1
    method: GET
    uri: https://apihub.copernicus.eu/apihub/search?format=json&rows=100&start=0&q=identifier%3A%22S3A_OL_2_LFR____20161127T173119_20161127T173119_20180320T024235_0000_011_240_4680_LR2_R_NT_002%22
  response:
    body:
      string: '{"feed":{"xmlns:opensearch":"http://a9.com/-/spec/opensearch/1.1/","xmlns":"http://www.w3.org/2005/Atom","title":"Sentinels
        Scientific Data Hub search results for: identifier:\"S3A_OL_2_LFR____20161127T173119_20161127T173119_20180320T024235_0000_011_240_4680_LR2_R_NT_002\"","subtitle":"Displaying
        1 results. Request done in ... seconds.","updated":"...","author":{"name":"Sentinels
        Scientific Data Hub"},"id":"https://apihub.copernicus.eu/apihub/search?q=identifier:\"S3A_OL_2_LFR____20161127T173119_20161127T173119_20180320T024235_0000_011_240_4680_LR2_R_NT_002\"","opensearch:totalResults":"1","opensearch:startIndex":"0","opensearch:itemsPerPage":"100","opensearch:Query":{"role":"request","searchTerms":"identifier:\"S3A_OL_2_LFR____20161127T173119_20161127T173119_20180320T024235_0000_011_240_4680_LR2_R_NT_002\"","startPage":"1"},"link":[{"rel":"self","type":"application/json","href":"https://apihub.copernicus.eu/apihub/search?q=identifier:\"S3A_OL_2_LFR____20161127T173119_20161127T173119_20180320T024235_0000_011_240_4680_LR2_R_NT_002\"&start=0&rows=100&format=json"},{"rel":"first","type":"application/json","href":"https://apihub.copernicus.eu/apihub/search?q=identifier:\"S3A_OL_2_LFR____20161127T173119_20161127T173119_20180320T024235_0000_011_240_4680_LR2_R_NT_002\"&start=0&rows=100&format=json"},{"rel":"last","type":"application/json","href":"https://apihub.copernicus.eu/apihub/search?q=identifier:\"S3A_OL_2_LFR____20161127T173119_20161127T173119_20180320T024235_0000_011_240_4680_LR2_R_NT_002\"&start=0&rows=100&format=json"},{"rel":"search","type":"application/opensearchdescription+xml","href":"opensearch_description.xml"}],"entry":{"title":"S3A_OL_2_LFR____20161127T173119_20161127T173119_20180320T024235_0000_011_240_4680_LR2_R_NT_002","link":[{"href":"https://apihub.copernicus.eu/apihub/odata/v1/Products(''0cbef871-b908-4410-a197-af0888ad048c'')/$value"},{"rel":"alternative","href":"https://apihub.copernicus.eu/apihub/odata/v1/Products(''0cbef871-b908-4410-a197-af0888ad048c'')/"},{"rel":"icon","href":"https://apihub.copernicus.eu/apihub/odata/v1/Products(''0cbef871-b908-4410-a197-af0888ad048c'')/Products(''Quicklook'')/$value"}],"id":"0cbef871-b908-4410-a197-af0888ad048c","summary":"Date:
        2016-11-27T17:31:18.799Z, Instrument: OLCI, Satellite: Sentinel-3, Size: 933.66
        KB","ondemand":"false","date":[{"name":"creationdate","content":"2018-03-20T02:42:35Z"},{"name":"ingestiondate","content":"2018-04-25T09:57:55.743Z"},{"name":"beginposition","content":"2016-11-27T17:31:18.799Z"},{"name":"endposition","content":"2016-11-27T17:31:19.307Z"}],"int":[{"name":"orbitnumber","content":"4063"},{"name":"relativeorbitnumber","content":"240"}],"double":{"name":"cloudcoverpercentage","content":"72.0"},"str":[{"name":"ecmwf","content":"ANALYSIS"},{"name":"filename","content":"S3A_OL_2_LFR____20161127T173119_20161127T173119_20180320T024235_0000_011_240_4680_LR2_R_NT_002.SEN3"},{"name":"gmlfootprint","content":"<gml:Polygon
        srsName=\"http://www.opengis.net/gml/srs/epsg.xml#4326\" xmlns:gml=\"http://www.opengis.net/gml\">\n   <gml:outerBoundaryIs>\n      <gml:LinearRing>\n         <gml:coordinates>-70.7898,131.307
        -71.3784,130.434 -71.9358,129.551 -72.4808,128.628 -73.0232,127.644 -73.5635,126.591
        -74.0952,125.476 -74.6193,124.293 -75.1395,123.017 -75.6497,121.659 -76.1566,120.206
        -76.6497,118.64 -77.1362,116.96 -77.606,115.148 -78.0655,113.199 -78.5094,111.086
        -78.9401,108.826 -79.3505,106.389 -79.7405,103.765 -80.1153,100.865 -80.1387,100.961
        -79.7631,103.864 -79.3723,106.49 -78.9612,108.928 -78.5297,111.188 -78.0851,113.301
        -77.6249,115.25 -77.1545,117.061 -76.6673,118.74 -76.1736,120.304 -75.6661,121.755
        -75.1554,123.112 -74.6347,124.386 -74.1101,125.567 -73.578,126.68 -73.0372,127.731
        -72.4944,128.713 -71.949,129.635 -71.3912,130.516 -70.8022,131.387 -70.7898,131.307</gml:coordinates>\n      </gml:LinearRing>\n   </gml:outerBoundaryIs>\n</gml:Polygon>"},{"name":"format","content":"SAFE"},{"name":"identifier","content":"S3A_OL_2_LFR____20161127T173119_20161127T173119_20180320T024235_0000_011_240_4680_LR2_R_NT_002"},{"name":"instrumentshortname","content":"OLCI"},{"name":"sensoroperationalmode","content":"Earth
        Observation"},{"name":"instrumentname","content":"Ocean Land Colour Instrument"},{"name":"footprint","content":"MULTIPOLYGON
        (((131.307 -70.7898, 130.434 -71.3784, 129.551 -71.9358, 128.628 -72.4808,
        127.644 -73.0232, 126.591 -73.5635, 125.476 -74.0952, 124.293 -74.6193, 123.017
        -75.1395, 121.659 -75.6497, 120.206 -76.1566, 118.64 -76.6497, 116.96 -77.1362,
        115.148 -77.606, 113.199 -78.0655, 111.086 -78.5094, 108.826 -78.9401, 106.389
        -79.3505, 103.765 -79.7405, 100.865 -80.1153, 100.961 -80.1387, 103.864 -79.7631,
        106.49 -79.3723, 108.928 -78.9612, 111.188 -78.5297, 113.301 -78.0851, 115.25
        -77.6249, 117.061 -77.1545, 118.74 -76.6673, 120.304 -76.1736, 121.755 -75.6661,
        123.112 -75.1554, 124.386 -74.6347, 125.567 -74.1101, 126.68 -73.578, 127.731
        -73.0372, 128.713 -72.4944, 129.635 -71.949, 130.516 -71.3912, 131.387 -70.8022,
        131.307 -70.7898)))"},{"name":"mode","content":"EO"},{"name":"platformidentifier","content":"2016-011A"},{"name":"onlinequalitycheck","content":"PASSED"},{"name":"orbitdirection","content":"ascending"},{"name":"pdualongtrackcoord","content":"4680"},{"name":"passnumber","content":"8127"},{"name":"passdirection","content":"ascending"},{"name":"processinglevel","content":"2"},{"name":"processingname","content":"Data
        Processing"},{"name":"productlevel","content":"L2"},{"name":"producttype","content":"OL_2_LFR___"},{"name":"relorbitdir","content":"ascending"},{"name":"relpassnumber","content":"481"},{"name":"relpassdirection","content":"ascending"},{"name":"platformname","content":"Sentinel-3"},{"name":"size","content":"933.66
        KB"},{"name":"timeliness","content":"Non Time Critical"},{"name":"uuid","content":"0cbef871-b908-4410-a197-af0888ad048c"}]}}}'
    headers:
      content-length:
      - '5857'
      content-type:
      - application/json
      pragma:
      - no-cache
      server:
      - Apache-Coyote/1.1
      vary:
      - Accept-Encoding
    status:
      code: 200
      message: OK
- request:
    body: null
    headers:
      Accept:
      - '*/*'
      Accept-Encoding:
      - gzip, deflate
      Connection:
      - keep-alive
      User-Agent:
      - sentinelsat/1.0.1
    method: GET
    uri: https://apihub.copernicus.eu/apihub/odata/v1/Products('0cbef871-b908-4410-a197-af0888ad048c')?$format=json
  response:
    body:
      string: '{"d":{"__metadata":{"id":"https://apihub.copernicus.eu/apihub/odata/v1/Products(''0cbef871-b908-4410-a197-af0888ad048c'')","uri":"https://apihub.copernicus.eu/apihub/odata/v1/Products(''0cbef871-b908-4410-a197-af0888ad048c'')","type":"DHuS.Product","content_type":"application/octet-stream","media_src":"https://apihub.copernicus.eu/apihub/odata/v1/Products(''0cbef871-b908-4410-a197-af0888ad048c'')/$value","edit_media":"https://apihub.copernicus.eu/apihub/odata/v1/Products(''0cbef871-b908-4410-a197-af0888ad048c'')/$value"},"Id":"0cbef871-b908-4410-a197-af0888ad048c","Name":"S3A_OL_2_LFR____20161127T173119_20161127T173119_20180320T024235_0000_011_240_4680_LR2_R_NT_002","ContentType":"application/octet-stream","ContentLength":"960673","ChildrenNumber":"2","Value":null,"CreationDate":"\/Date(1538515377689)\/","IngestionDate":"\/Date(1524650275743)\/","ModificationDate":"\/Date(1625666227244)\/","EvictionDate":null,"Online":false,"OnDemand":false,"ContentDate":{"__metadata":{"type":"DHuS.TimeRange"},"Start":"\/Date(1480268677708)\/","End":"\/Date(1480268186981)\/"},"Checksum":{"__metadata":{"type":"DHuS.Checksum"},"Algorithm":"MD5","Value":"8d3df90030380929aff1735b2f6246c6"},"ContentGeometry":"<gml:Polygon
        srsName=\"http://www.opengis.net/gml/srs/epsg.xml#4326\" xmlns:gml=\"http://www.opengis.net/gml\">\n   <gml:outerBoundaryIs>\n      <gml:LinearRing>\n         <gml:coordinates>-70.7898,131.307
        -71.3784,130.434 -71.9358,129.551 -72.4808,128.628 -73.0232,127.644 -73.5635,126.591
        -74.0952,125.476 -74.6193,124.293 -75.1395,123.017 -75.6497,121.659 -76.1566,120.206
        -76.6497,118.64 -77.1362,116.96 -77.606,115.148 -78.0655,113.199 -78.5094,111.086
        -78.9401,108.826 -79.3505,106.389 -79.7405,103.765 -80.1153,100.865 -80.1387,100.961
        -79.7631,103.864 -79.3723,106.49 -78.9612,108.928 -78.5297,111.188 -78.0851,113.301
        -77.6249,115.25 -77.1545,117.061 -76.6673,118.74 -76.1736,120.304 -75.6661,121.755
        -75.1554,123.112 -74.6347,124.386 -74.1101,125.567 -73.578,126.68 -73.0372,127.731
        -72.4944,128.713 -71.949,129.635 -71.3912,130.516 -70.8022,131.387 -70.7898,131.307</gml:coordinates>\n      </gml:LinearRing>\n   </gml:outerBoundaryIs>\n</gml:Polygon>","Products":{"__deferred":{"uri":"https://apihub.copernicus.eu/apihub/odata/v1/Products(''0cbef871-b908-4410-a197-af0888ad048c'')/Products"}},"Nodes":{"__deferred":{"uri":"https://apihub.copernicus.eu/apihub/odata/v1/Products(''0cbef871-b908-4410-a197-af0888ad048c'')/Nodes"}},"Attributes":{"__deferred":{"uri":"https://apihub.copernicus.eu/apihub/odata/v1/Products(''0cbef871-b908-4410-a197-af0888ad048c'')/Attributes"}},"Class":{"__deferred":{"uri":"https://apihub.copernicus.eu/apihub/odata/v1/Products(''0cbef871-b908-4410-a197-af0888ad048c'')/Class"}}}}'
    headers:
      content-length:
      - '2712'
      content-type:
      - application/json
      dataserviceversion:
      - '2.0'
      pragma:
      - no-cache
      server:
      - Apache-Coyote/1.1
      vary:
      - Accept-Encoding
    status:
      code: 200
      message: OK
version: 1
